// Jest Snapshot v1, https://goo.gl/fbAQLP

exports[`"Not found" page should render correctly 1`] = `
<div>
  <div
    class="page page--gray page--not-found"
  >
    <header
      class="header"
    >
      <div
        class="container"
      >
        <div
          class="header__wrapper"
        >
          <div
            class="header__left"
          >
            <a
              class="header__logo-link"
              href="/"
            >
              <img
                alt="6 cities logo"
                class="header__logo"
                height="41"
                src="img/logo.svg"
                width="81"
              />
            </a>
          </div>
          <nav
            class="header__nav"
          >
            <ul
              class="header__nav-list"
              style="flex-direction: column; align-items: flex-end;"
            >
              <li
                class="header__nav-item user"
              >
                <a
                  class="header__nav-link header__nav-link--profile"
                  href="/login"
                >
                  <div
                    class="header__avatar-wrapper user__avatar-wrapper"
                  />
                  <span
                    class="header__login"
                  >
                    Sign in
                  </span>
                </a>
              </li>
            </ul>
          </nav>
        </div>
      </div>
    </header>
    <main
      class="page__main page__main--not-found"
    >
      <h1
        style="text-align: center;"
      >
        404 Not Found
      </h1>
    </main>
  </div>
</div>
`;
