// Jest Snapshot v1, https://goo.gl/fbAQLP

exports[`Favorites page container should render correctly 1`] = `
<div>
  <p
    style="color: rgb(68, 129, 195); text-align: center; font-weight: bolder; font-size: 50px; padding-top: 150px;"
  >
    Loading...
  </p>
</div>
`;
